// Vitest Snapshot v1, https://vitest.dev/guide/snapshot.html

exports[`KeyboardUserSettingsTab > renders list of keyboard shortcuts 1`] = `
<div>
  <div
    class="mx_SettingsTab"
  >
    <div
      class="mx_SettingsTab_sections"
    >
      <div
        class="mx_SettingsSection"
      >
        <div
          class="mx_SettingsSection_subSections"
        >
          <div
            class="mx_SettingsSubsection"
          >
            <div
              class="mx_SettingsSubsectionHeading"
            >
              <h2
                class="mx_Heading_h4 mx_SettingsSubsectionHeading_heading"
              >
                Composer
              </h2>
            </div>
            <div
              class="mx_SettingsSubsection_content"
            >
              <ul
                class="mx_KeyboardShortcut_shortcutList"
              >
                <li
                  class="mx_KeyboardShortcut_shortcutRow"
                >
                  Send message
                  <div
                    class="mx_KeyboardShortcut"
                  >
                    <kbd>
                       
                      Enter
                       
                    </kbd>
                  </div>
                </li>
                <li
                  class="mx_KeyboardShortcut_shortcutRow"
                >
                  New line
                  <div
                    class="mx_KeyboardShortcut"
                  >
                    <kbd>
                       
                      Shift
                       
                    </kbd>
                    +
                    <kbd>
                       
                      Enter
                       
                    </kbd>
                  </div>
                </li>
                <li
                  class="mx_KeyboardShortcut_shortcutRow"
                >
                  <span
                    class="mx_KeyboardShortcut_shortcutLabel"
                  >
                    Toggle Bold
                  </span>
                  <div
                    class="mx_KeyboardShortcut_shortcutControls"
                  >
                    <div
                      aria-label="Click to change shortcut"
                      class="mx_AccessibleButton mx_KeyboardShortcut_editTrigger mx_AccessibleButton_hasKind mx_AccessibleButton_kind_link_inline"
                      role="button"
                      tabindex="0"
                    >
                      <div
                        class="mx_KeyboardShortcut"
                      >
                        <kbd>
                           
                          Ctrl
                           
                        </kbd>
                        +
                        <kbd>
                           
                          b
                           
                        </kbd>
                      </div>
                    </div>
                    <div
                      aria-label="Remove this shortcut"
                      class="mx_AccessibleButton mx_KeyboardShortcut_clearButton mx_AccessibleButton_hasKind mx_AccessibleButton_kind_icon"
                      role="button"
                      tabindex="0"
                    >
                      ✕
                    </div>
                  </div>
                </li>
                <li
                  class="mx_KeyboardShortcut_shortcutRow"
                >
                  <span
                    class="mx_KeyboardShortcut_shortcutLabel"
                  >
                    Toggle Italics
                  </span>
                  <div
                    class="mx_KeyboardShortcut_shortcutControls"
                  >
                    <div
                      aria-label="Click to change shortcut"
                      class="mx_AccessibleButton mx_KeyboardShortcut_editTrigger mx_AccessibleButton_hasKind mx_AccessibleButton_kind_link_inline"
                      role="button"
                      tabindex="0"
                    >
                      <div
                        class="mx_KeyboardShortcut"
                      >
                        <kbd>
                           
                          Ctrl
                           
                        </kbd>
                        +
                        <kbd>
                           
                          i
                           
                        </kbd>
                      </div>
                    </div>
                    <div
                      aria-label="Remove this shortcut"
                      class="mx_AccessibleButton mx_KeyboardShortcut_clearButton mx_AccessibleButton_hasKind mx_AccessibleButton_kind_icon"
                      role="button"
                      tabindex="0"
                    >
                      ✕
                    </div>
                  </div>
                </li>
                <li
                  class="mx_KeyboardShortcut_shortcutRow"
                >
                  <span
                    class="mx_KeyboardShortcut_shortcutLabel"
                  >
                    Toggle Quote
                  </span>
                  <div
                    class="mx_KeyboardShortcut_shortcutControls"
                  >
                    <div
                      aria-label="Click to change shortcut"
                      class="mx_AccessibleButton mx_KeyboardShortcut_editTrigger mx_AccessibleButton_hasKind mx_AccessibleButton_kind_link_inline"
                      role="button"
                      tabindex="0"
                    >
                      <div
                        class="mx_KeyboardShortcut"
                      >
                        <kbd>
                           
                          Ctrl
                           
                        </kbd>
                        +
                        <kbd>
                           
                          Shift
                           
                        </kbd>
                        +
                        <kbd>
                           
                          &gt;
                           
                        </kbd>
                      </div>
                    </div>
                    <div
                      aria-label="Remove this shortcut"
                      class="mx_AccessibleButton mx_KeyboardShortcut_clearButton mx_AccessibleButton_hasKind mx_AccessibleButton_kind_icon"
                      role="button"
                      tabindex="0"
                    >
                      ✕
                    </div>
                  </div>
                </li>
                <li
                  class="mx_KeyboardShortcut_shortcutRow"
                >
                  <span
                    class="mx_KeyboardShortcut_shortcutLabel"
                  >
                    Toggle Link
                  </span>
                  <div
                    class="mx_KeyboardShortcut_shortcutControls"
                  >
                    <div
                      aria-label="Click to change shortcut"
                      class="mx_AccessibleButton mx_KeyboardShortcut_editTrigger mx_AccessibleButton_hasKind mx_AccessibleButton_kind_link_inline"
                      role="button"
                      tabindex="0"
                    >
                      <div
                        class="mx_KeyboardShortcut"
                      >
                        <kbd>
                           
                          Ctrl
                           
                        </kbd>
                        +
                        <kbd>
                           
                          Shift
                           
                        </kbd>
                        +
                        <kbd>
                           
                          l
                           
                        </kbd>
                      </div>
                    </div>
                    <div
                      aria-label="Remove this shortcut"
                      class="mx_AccessibleButton mx_KeyboardShortcut_clearButton mx_AccessibleButton_hasKind mx_AccessibleButton_kind_icon"
                      role="button"
                      tabindex="0"
                    >
                      ✕
                    </div>
                  </div>
                </li>
                <li
                  class="mx_KeyboardShortcut_shortcutRow"
                >
                  <span
                    class="mx_KeyboardShortcut_shortcutLabel"
                  >
                    Toggle Code Block
                  </span>
                  <div
                    class="mx_KeyboardShortcut_shortcutControls"
                  >
                    <div
                      aria-label="Click to change shortcut"
                      class="mx_AccessibleButton mx_KeyboardShortcut_editTrigger mx_AccessibleButton_hasKind mx_AccessibleButton_kind_link_inline"
                      role="button"
                      tabindex="0"
                    >
                      <div
                        class="mx_KeyboardShortcut"
                      >
                        <kbd>
                           
                          Ctrl
                           
                        </kbd>
                        +
                        <kbd>
                           
                          e
                           
                        </kbd>
                      </div>
                    </div>
                    <div
                      aria-label="Remove this shortcut"
                      class="mx_AccessibleButton mx_KeyboardShortcut_clearButton mx_AccessibleButton_hasKind mx_AccessibleButton_kind_icon"
                      role="button"
                      tabindex="0"
                    >
                      ✕
                    </div>
                  </div>
                </li>
                <li
                  class="mx_KeyboardShortcut_shortcutRow"
                >
                  <span
                    class="mx_KeyboardShortcut_shortcutLabel"
                  >
                    Undo edit
                  </span>
                  <div
                    class="mx_KeyboardShortcut_shortcutControls"
                  >
                    <div
                      aria-label="Click to change shortcut"
                      class="mx_AccessibleButton mx_KeyboardShortcut_editTrigger mx_AccessibleButton_hasKind mx_AccessibleButton_kind_link_inline"
                      role="button"
                      tabindex="0"
                    >
                      <div
                        class="mx_KeyboardShortcut"
                      >
                        <kbd>
                           
                          Ctrl
                           
                        </kbd>
                        +
                        <kbd>
                           
                          z
                           
                        </kbd>
                      </div>
                    </div>
                    <div
                      aria-label="Remove this shortcut"
                      class="mx_AccessibleButton mx_KeyboardShortcut_clearButton mx_AccessibleButton_hasKind mx_AccessibleButton_kind_icon"
                      role="button"
                      tabindex="0"
                    >
                      ✕
                    </div>
                  </div>
                </li>
                <li
                  class="mx_KeyboardShortcut_shortcutRow"
                >
                  <span
                    class="mx_KeyboardShortcut_shortcutLabel"
                  >
                    Redo edit
                  </span>
                  <div
                    class="mx_KeyboardShortcut_shortcutControls"
                  >
                    <div
                      aria-label="Click to change shortcut"
                      class="mx_AccessibleButton mx_KeyboardShortcut_editTrigger mx_AccessibleButton_hasKind mx_AccessibleButton_kind_link_inline"
                      role="button"
                      tabindex="0"
                    >
                      <div
                        class="mx_KeyboardShortcut"
                      >
                        <kbd>
                           
                          Ctrl
                           
                        </kbd>
                        +
                        <kbd>
                           
                          y
                           
                        </kbd>
                      </div>
                    </div>
                    <div
                      aria-label="Remove this shortcut"
                      class="mx_AccessibleButton mx_KeyboardShortcut_clearButton mx_AccessibleButton_hasKind mx_AccessibleButton_kind_icon"
                      role="button"
                      tabindex="0"
                    >
                      ✕
                    </div>
                  </div>
                </li>
                <li
                  class="mx_KeyboardShortcut_shortcutRow"
                >
                  <span
                    class="mx_KeyboardShortcut_shortcutLabel"
                  >
                    Jump to start of the composer
                  </span>
                  <div
                    class="mx_KeyboardShortcut_shortcutControls"
                  >
                    <div
                      aria-label="Click to change shortcut"
                      class="mx_AccessibleButton mx_KeyboardShortcut_editTrigger mx_AccessibleButton_hasKind mx_AccessibleButton_kind_link_inline"
                      role="button"
                      tabindex="0"
                    >
                      <div
                        class="mx_KeyboardShortcut"
                      >
                        <kbd>
                           
                          Ctrl
                           
                        </kbd>
                        +
                        <kbd>
                           
                          Home
                           
                        </kbd>
                      </div>
                    </div>
                    <div
                      aria-label="Remove this shortcut"
                      class="mx_AccessibleButton mx_KeyboardShortcut_clearButton mx_AccessibleButton_hasKind mx_AccessibleButton_kind_icon"
                      role="button"
                      tabindex="0"
                    >
                      ✕
                    </div>
                  </div>
                </li>
                <li
                  class="mx_KeyboardShortcut_shortcutRow"
                >
                  <span
                    class="mx_KeyboardShortcut_shortcutLabel"
                  >
                    Jump to end of the composer
                  </span>
                  <div
                    class="mx_KeyboardShortcut_shortcutControls"
                  >
                    <div
                      aria-label="Click to change shortcut"
                      class="mx_AccessibleButton mx_KeyboardShortcut_editTrigger mx_AccessibleButton_hasKind mx_AccessibleButton_kind_link_inline"
                      role="button"
                      tabindex="0"
                    >
                      <div
                        class="mx_KeyboardShortcut"
                      >
                        <kbd>
                           
                          Ctrl
                           
                        </kbd>
                        +
                        <kbd>
                           
                          End
                           
                        </kbd>
                      </div>
                    </div>
                    <div
                      aria-label="Remove this shortcut"
                      class="mx_AccessibleButton mx_KeyboardShortcut_clearButton mx_AccessibleButton_hasKind mx_AccessibleButton_kind_icon"
                      role="button"
                      tabindex="0"
                    >
                      ✕
                    </div>
                  </div>
                </li>
                <li
                  class="mx_KeyboardShortcut_shortcutRow"
                >
                  <span
                    class="mx_KeyboardShortcut_shortcutLabel"
                  >
                    Cancel replying to a message
                  </span>
                  <div
                    class="mx_KeyboardShortcut_shortcutControls"
                  >
                    <div
                      aria-label="Click to change shortcut"
                      class="mx_AccessibleButton mx_KeyboardShortcut_editTrigger mx_AccessibleButton_hasKind mx_AccessibleButton_kind_link_inline"
                      role="button"
                      tabindex="0"
                    >
                      <div
                        class="mx_KeyboardShortcut"
                      >
                        <kbd>
                           
                          Esc
                           
                        </kbd>
                      </div>
                    </div>
                    <div
                      aria-label="Remove this shortcut"
                      class="mx_AccessibleButton mx_KeyboardShortcut_clearButton mx_AccessibleButton_hasKind mx_AccessibleButton_kind_icon"
                      role="button"
                      tabindex="0"
                    >
                      ✕
                    </div>
                  </div>
                </li>
                <li
                  class="mx_KeyboardShortcut_shortcutRow"
                >
                  <span
                    class="mx_KeyboardShortcut_shortcutLabel"
                  >
                    Navigate to next message to edit
                  </span>
                  <div
                    class="mx_KeyboardShortcut_shortcutControls"
                  >
                    <div
                      aria-label="Click to change shortcut"
                      class="mx_AccessibleButton mx_KeyboardShortcut_editTrigger mx_AccessibleButton_hasKind mx_AccessibleButton_kind_link_inline"
                      role="button"
                      tabindex="0"
                    >
                      <div
                        class="mx_KeyboardShortcut"
                      >
                        <kbd>
                           
                          ↓
                           
                        </kbd>
                      </div>
                    </div>
                    <div
                      aria-label="Remove this shortcut"
                      class="mx_AccessibleButton mx_KeyboardShortcut_clearButton mx_AccessibleButton_hasKind mx_AccessibleButton_kind_icon"
                      role="button"
                      tabindex="0"
                    >
                      ✕
                    </div>
                  </div>
                </li>
                <li
                  class="mx_KeyboardShortcut_shortcutRow"
                >
                  <span
                    class="mx_KeyboardShortcut_shortcutLabel"
                  >
                    Navigate to previous message to edit
                  </span>
                  <div
                    class="mx_KeyboardShortcut_shortcutControls"
                  >
                    <div
                      aria-label="Click to change shortcut"
                      class="mx_AccessibleButton mx_KeyboardShortcut_editTrigger mx_AccessibleButton_hasKind mx_AccessibleButton_kind_link_inline"
                      role="button"
                      tabindex="0"
                    >
                      <div
                        class="mx_KeyboardShortcut"
                      >
                        <kbd>
                           
                          ↑
                           
                        </kbd>
                      </div>
                    </div>
                    <div
                      aria-label="Remove this shortcut"
                      class="mx_AccessibleButton mx_KeyboardShortcut_clearButton mx_AccessibleButton_hasKind mx_AccessibleButton_kind_icon"
                      role="button"
                      tabindex="0"
                    >
                      ✕
                    </div>
                  </div>
                </li>
                <li
                  class="mx_KeyboardShortcut_shortcutRow"
                >
                  <span
                    class="mx_KeyboardShortcut_shortcutLabel"
                  >
                    Navigate to next message in composer history
                  </span>
                  <div
                    class="mx_KeyboardShortcut_shortcutControls"
                  >
                    <div
                      aria-label="Click to change shortcut"
                      class="mx_AccessibleButton mx_KeyboardShortcut_editTrigger mx_AccessibleButton_hasKind mx_AccessibleButton_kind_link_inline"
                      role="button"
                      tabindex="0"
                    >
                      <div
                        class="mx_KeyboardShortcut"
                      >
                        <kbd>
                           
                          Ctrl
                           
                        </kbd>
                        +
                        <kbd>
                           
                          Alt
                           
                        </kbd>
                        +
                        <kbd>
                           
                          ↓
                           
                        </kbd>
                      </div>
                    </div>
                    <div
                      aria-label="Remove this shortcut"
                      class="mx_AccessibleButton mx_KeyboardShortcut_clearButton mx_AccessibleButton_hasKind mx_AccessibleButton_kind_icon"
                      role="button"
                      tabindex="0"
                    >
                      ✕
                    </div>
                  </div>
                </li>
                <li
                  class="mx_KeyboardShortcut_shortcutRow"
                >
                  <span
                    class="mx_KeyboardShortcut_shortcutLabel"
                  >
                    Navigate to previous message in composer history
                  </span>
                  <div
                    class="mx_KeyboardShortcut_shortcutControls"
                  >
                    <div
                      aria-label="Click to change shortcut"
                      class="mx_AccessibleButton mx_KeyboardShortcut_editTrigger mx_AccessibleButton_hasKind mx_AccessibleButton_kind_link_inline"
                      role="button"
                      tabindex="0"
                    >
                      <div
                        class="mx_KeyboardShortcut"
                      >
                        <kbd>
                           
                          Ctrl
                           
                        </kbd>
                        +
                        <kbd>
                           
                          Alt
                           
                        </kbd>
                        +
                        <kbd>
                           
                          ↑
                           
                        </kbd>
                      </div>
                    </div>
                    <div
                      aria-label="Remove this shortcut"
                      class="mx_AccessibleButton mx_KeyboardShortcut_clearButton mx_AccessibleButton_hasKind mx_AccessibleButton_kind_icon"
                      role="button"
                      tabindex="0"
                    >
                      ✕
                    </div>
                  </div>
                </li>
                <li
                  class="mx_KeyboardShortcut_shortcutRow"
                >
                  <span
                    class="mx_KeyboardShortcut_shortcutLabel"
                  >
                    Send a sticker
                  </span>
                  <div
                    class="mx_KeyboardShortcut_shortcutControls"
                  >
                    <div
                      aria-label="Click to change shortcut"
                      class="mx_AccessibleButton mx_KeyboardShortcut_editTrigger mx_AccessibleButton_hasKind mx_AccessibleButton_kind_link_inline"
                      role="button"
                      tabindex="0"
                    >
                      <div
                        class="mx_KeyboardShortcut"
                      >
                        <kbd>
                           
                          Ctrl
                           
                        </kbd>
                        +
                        <kbd>
                           
                          ;
                           
                        </kbd>
                      </div>
                    </div>
                    <div
                      aria-label="Remove this shortcut"
                      class="mx_AccessibleButton mx_KeyboardShortcut_clearButton mx_AccessibleButton_hasKind mx_AccessibleButton_kind_icon"
                      role="button"
                      tabindex="0"
                    >
                      ✕
                    </div>
                  </div>
                </li>
              </ul>
            </div>
          </div>
          <div
            class="mx_SettingsSubsection"
          >
            <div
              class="mx_SettingsSubsectionHeading"
            >
              <h2
                class="mx_Heading_h4 mx_SettingsSubsectionHeading_heading"
              >
                Calls
              </h2>
            </div>
            <div
              class="mx_SettingsSubsection_content"
            >
              <ul
                class="mx_KeyboardShortcut_shortcutList"
              >
                <li
                  class="mx_KeyboardShortcut_shortcutRow"
                >
                  <span
                    class="mx_KeyboardShortcut_shortcutLabel"
                  >
                    Toggle microphone mute
                  </span>
                  <div
                    class="mx_KeyboardShortcut_shortcutControls"
                  >
                    <div
                      aria-label="Click to change shortcut"
                      class="mx_AccessibleButton mx_KeyboardShortcut_editTrigger mx_AccessibleButton_hasKind mx_AccessibleButton_kind_link_inline"
                      role="button"
                      tabindex="0"
                    >
                      <div
                        class="mx_KeyboardShortcut"
                      >
                        <kbd>
                           
                          Ctrl
                           
                        </kbd>
                        +
                        <kbd>
                           
                          d
                           
                        </kbd>
                      </div>
                    </div>
                    <div
                      aria-label="Remove this shortcut"
                      class="mx_AccessibleButton mx_KeyboardShortcut_clearButton mx_AccessibleButton_hasKind mx_AccessibleButton_kind_icon"
                      role="button"
                      tabindex="0"
                    >
                      ✕
                    </div>
                  </div>
                </li>
                <li
                  class="mx_KeyboardShortcut_shortcutRow"
                >
                  <span
                    class="mx_KeyboardShortcut_shortcutLabel"
                  >
                    Toggle webcam on/off
                  </span>
                  <div
                    class="mx_KeyboardShortcut_shortcutControls"
                  >
                    <div
                      aria-label="Click to change shortcut"
                      class="mx_AccessibleButton mx_KeyboardShortcut_editTrigger mx_AccessibleButton_hasKind mx_AccessibleButton_kind_link_inline"
                      role="button"
                      tabindex="0"
                    >
                      <div
                        class="mx_KeyboardShortcut"
                      >
                        <kbd>
                           
                          Ctrl
                           
                        </kbd>
                        +
                        <kbd>
                           
                          e
                           
                        </kbd>
                      </div>
                    </div>
                    <div
                      aria-label="Remove this shortcut"
                      class="mx_AccessibleButton mx_KeyboardShortcut_clearButton mx_AccessibleButton_hasKind mx_AccessibleButton_kind_icon"
                      role="button"
                      tabindex="0"
                    >
                      ✕
                    </div>
                  </div>
                </li>
                <li
                  class="mx_KeyboardShortcut_shortcutRow"
                >
                  <span
                    class="mx_KeyboardShortcut_shortcutLabel"
                  >
                    Toggle incoming audio mute
                  </span>
                  <div
                    class="mx_KeyboardShortcut_shortcutControls"
                  >
                    <div
                      aria-label="Click to change shortcut"
                      class="mx_AccessibleButton mx_KeyboardShortcut_editTrigger mx_AccessibleButton_hasKind mx_AccessibleButton_kind_link_inline"
                      role="button"
                      tabindex="0"
                    >
                      <div
                        class="mx_KeyboardShortcut"
                      >
                        <kbd>
                           
                          Ctrl
                           
                        </kbd>
                        +
                        <kbd>
                           
                          Alt
                           
                        </kbd>
                        +
                        <kbd>
                           
                          d
                           
                        </kbd>
                      </div>
                    </div>
                    <div
                      aria-label="Remove this shortcut"
                      class="mx_AccessibleButton mx_KeyboardShortcut_clearButton mx_AccessibleButton_hasKind mx_AccessibleButton_kind_icon"
                      role="button"
                      tabindex="0"
                    >
                      ✕
                    </div>
                  </div>
                </li>
              </ul>
            </div>
          </div>
          <div
            class="mx_SettingsSubsection"
          >
            <div
              class="mx_SettingsSubsectionHeading"
            >
              <h2
                class="mx_Heading_h4 mx_SettingsSubsectionHeading_heading"
              >
                Room
              </h2>
            </div>
            <div
              class="mx_SettingsSubsection_content"
            >
              <ul
                class="mx_KeyboardShortcut_shortcutList"
              >
                <li
                  class="mx_KeyboardShortcut_shortcutRow"
                >
                  Search (must be enabled)
                  <div
                    class="mx_KeyboardShortcut"
                  >
                    <kbd>
                       
                      Ctrl
                       
                    </kbd>
                    +
                    <kbd>
                       
                      f
                       
                    </kbd>
                  </div>
                </li>
                <li
                  class="mx_KeyboardShortcut_shortcutRow"
                >
                  <span
                    class="mx_KeyboardShortcut_shortcutLabel"
                  >
                    Upload a file
                  </span>
                  <div
                    class="mx_KeyboardShortcut_shortcutControls"
                  >
                    <div
                      aria-label="Click to change shortcut"
                      class="mx_AccessibleButton mx_KeyboardShortcut_editTrigger mx_AccessibleButton_hasKind mx_AccessibleButton_kind_link_inline"
                      role="button"
                      tabindex="0"
                    >
                      <div
                        class="mx_KeyboardShortcut"
                      >
                        <kbd>
                           
                          Ctrl
                           
                        </kbd>
                        +
                        <kbd>
                           
                          Shift
                           
                        </kbd>
                        +
                        <kbd>
                           
                          u
                           
                        </kbd>
                      </div>
                    </div>
                    <div
                      aria-label="Remove this shortcut"
                      class="mx_AccessibleButton mx_KeyboardShortcut_clearButton mx_AccessibleButton_hasKind mx_AccessibleButton_kind_icon"
                      role="button"
                      tabindex="0"
                    >
                      ✕
                    </div>
                  </div>
                </li>
                <li
                  class="mx_KeyboardShortcut_shortcutRow"
                >
                  <span
                    class="mx_KeyboardShortcut_shortcutLabel"
                  >
                    Dismiss read marker and jump to bottom
                  </span>
                  <div
                    class="mx_KeyboardShortcut_shortcutControls"
                  >
                    <div
                      aria-label="Click to change shortcut"
                      class="mx_AccessibleButton mx_KeyboardShortcut_editTrigger mx_AccessibleButton_hasKind mx_AccessibleButton_kind_link_inline"
                      role="button"
                      tabindex="0"
                    >
                      <div
                        class="mx_KeyboardShortcut"
                      >
                        <kbd>
                           
                          Esc
                           
                        </kbd>
                      </div>
                    </div>
                    <div
                      aria-label="Remove this shortcut"
                      class="mx_AccessibleButton mx_KeyboardShortcut_clearButton mx_AccessibleButton_hasKind mx_AccessibleButton_kind_icon"
                      role="button"
                      tabindex="0"
                    >
                      ✕
                    </div>
                  </div>
                </li>
                <li
                  class="mx_KeyboardShortcut_shortcutRow"
                >
                  <span
                    class="mx_KeyboardShortcut_shortcutLabel"
                  >
                    Jump to oldest unread message
                  </span>
                  <div
                    class="mx_KeyboardShortcut_shortcutControls"
                  >
                    <div
                      aria-label="Click to change shortcut"
                      class="mx_AccessibleButton mx_KeyboardShortcut_editTrigger mx_AccessibleButton_hasKind mx_AccessibleButton_kind_link_inline"
                      role="button"
                      tabindex="0"
                    >
                      <div
                        class="mx_KeyboardShortcut"
                      >
                        <kbd>
                           
                          Shift
                           
                        </kbd>
                        +
                        <kbd>
                           
                          Page Up
                           
                        </kbd>
                      </div>
                    </div>
                    <div
                      aria-label="Remove this shortcut"
                      class="mx_AccessibleButton mx_KeyboardShortcut_clearButton mx_AccessibleButton_hasKind mx_AccessibleButton_kind_icon"
                      role="button"
                      tabindex="0"
                    >
                      ✕
                    </div>
                  </div>
                </li>
                <li
                  class="mx_KeyboardShortcut_shortcutRow"
                >
                  <span
                    class="mx_KeyboardShortcut_shortcutLabel"
                  >
                    Scroll up in the timeline
                  </span>
                  <div
                    class="mx_KeyboardShortcut_shortcutControls"
                  >
                    <div
                      aria-label="Click to change shortcut"
                      class="mx_AccessibleButton mx_KeyboardShortcut_editTrigger mx_AccessibleButton_hasKind mx_AccessibleButton_kind_link_inline"
                      role="button"
                      tabindex="0"
                    >
                      <div
                        class="mx_KeyboardShortcut"
                      >
                        <kbd>
                           
                          Page Up
                           
                        </kbd>
                      </div>
                    </div>
                    <div
                      aria-label="Remove this shortcut"
                      class="mx_AccessibleButton mx_KeyboardShortcut_clearButton mx_AccessibleButton_hasKind mx_AccessibleButton_kind_icon"
                      role="button"
                      tabindex="0"
                    >
                      ✕
                    </div>
                  </div>
                </li>
                <li
                  class="mx_KeyboardShortcut_shortcutRow"
                >
                  <span
                    class="mx_KeyboardShortcut_shortcutLabel"
                  >
                    Scroll down in the timeline
                  </span>
                  <div
                    class="mx_KeyboardShortcut_shortcutControls"
                  >
                    <div
                      aria-label="Click to change shortcut"
                      class="mx_AccessibleButton mx_KeyboardShortcut_editTrigger mx_AccessibleButton_hasKind mx_AccessibleButton_kind_link_inline"
                      role="button"
                      tabindex="0"
                    >
                      <div
                        class="mx_KeyboardShortcut"
                      >
                        <kbd>
                           
                          Page Down
                           
                        </kbd>
                      </div>
                    </div>
                    <div
                      aria-label="Remove this shortcut"
                      class="mx_AccessibleButton mx_KeyboardShortcut_clearButton mx_AccessibleButton_hasKind mx_AccessibleButton_kind_icon"
                      role="button"
                      tabindex="0"
                    >
                      ✕
                    </div>
                  </div>
                </li>
                <li
                  class="mx_KeyboardShortcut_shortcutRow"
                >
                  <span
                    class="mx_KeyboardShortcut_shortcutLabel"
                  >
                    Jump to first message
                  </span>
                  <div
                    class="mx_KeyboardShortcut_shortcutControls"
                  >
                    <div
                      aria-label="Click to change shortcut"
                      class="mx_AccessibleButton mx_KeyboardShortcut_editTrigger mx_AccessibleButton_hasKind mx_AccessibleButton_kind_link_inline"
                      role="button"
                      tabindex="0"
                    >
                      <div
                        class="mx_KeyboardShortcut"
                      >
                        <kbd>
                           
                          Ctrl
                           
                        </kbd>
                        +
                        <kbd>
                           
                          Home
                           
                        </kbd>
                      </div>
                    </div>
                    <div
                      aria-label="Remove this shortcut"
                      class="mx_AccessibleButton mx_KeyboardShortcut_clearButton mx_AccessibleButton_hasKind mx_AccessibleButton_kind_icon"
                      role="button"
                      tabindex="0"
                    >
                      ✕
                    </div>
                  </div>
                </li>
                <li
                  class="mx_KeyboardShortcut_shortcutRow"
                >
                  <span
                    class="mx_KeyboardShortcut_shortcutLabel"
                  >
                    Jump to last message
                  </span>
                  <div
                    class="mx_KeyboardShortcut_shortcutControls"
                  >
                    <div
                      aria-label="Click to change shortcut"
                      class="mx_AccessibleButton mx_KeyboardShortcut_editTrigger mx_AccessibleButton_hasKind mx_AccessibleButton_kind_link_inline"
                      role="button"
                      tabindex="0"
                    >
                      <div
                        class="mx_KeyboardShortcut"
                      >
                        <kbd>
                           
                          Ctrl
                           
                        </kbd>
                        +
                        <kbd>
                           
                          End
                           
                        </kbd>
                      </div>
                    </div>
                    <div
                      aria-label="Remove this shortcut"
                      class="mx_AccessibleButton mx_KeyboardShortcut_clearButton mx_AccessibleButton_hasKind mx_AccessibleButton_kind_icon"
                      role="button"
                      tabindex="0"
                    >
                      ✕
                    </div>
                  </div>
                </li>
              </ul>
            </div>
          </div>
          <div
            class="mx_SettingsSubsection"
          >
            <div
              class="mx_SettingsSubsectionHeading"
            >
              <h2
                class="mx_Heading_h4 mx_SettingsSubsectionHeading_heading"
              >
                Room List
              </h2>
            </div>
            <div
              class="mx_SettingsSubsection_content"
            >
              <ul
                class="mx_KeyboardShortcut_shortcutList"
              >
                <li
                  class="mx_KeyboardShortcut_shortcutRow"
                >
                  <span
                    class="mx_KeyboardShortcut_shortcutLabel"
                  >
                    Select room from the room list
                  </span>
                  <div
                    class="mx_KeyboardShortcut_shortcutControls"
                  >
                    <div
                      aria-label="Click to change shortcut"
                      class="mx_AccessibleButton mx_KeyboardShortcut_editTrigger mx_AccessibleButton_hasKind mx_AccessibleButton_kind_link_inline"
                      role="button"
                      tabindex="0"
                    >
                      <div
                        class="mx_KeyboardShortcut"
                      >
                        <kbd>
                           
                          Enter
                           
                        </kbd>
                      </div>
                    </div>
                    <div
                      aria-label="Remove this shortcut"
                      class="mx_AccessibleButton mx_KeyboardShortcut_clearButton mx_AccessibleButton_hasKind mx_AccessibleButton_kind_icon"
                      role="button"
                      tabindex="0"
                    >
                      ✕
                    </div>
                  </div>
                </li>
                <li
                  class="mx_KeyboardShortcut_shortcutRow"
                >
                  <span
                    class="mx_KeyboardShortcut_shortcutLabel"
                  >
                    Collapse room list section
                  </span>
                  <div
                    class="mx_KeyboardShortcut_shortcutControls"
                  >
                    <div
                      aria-label="Click to change shortcut"
                      class="mx_AccessibleButton mx_KeyboardShortcut_editTrigger mx_AccessibleButton_hasKind mx_AccessibleButton_kind_link_inline"
                      role="button"
                      tabindex="0"
                    >
                      <div
                        class="mx_KeyboardShortcut"
                      >
                        <kbd>
                           
                          ←
                           
                        </kbd>
                      </div>
                    </div>
                    <div
                      aria-label="Remove this shortcut"
                      class="mx_AccessibleButton mx_KeyboardShortcut_clearButton mx_AccessibleButton_hasKind mx_AccessibleButton_kind_icon"
                      role="button"
                      tabindex="0"
                    >
                      ✕
                    </div>
                  </div>
                </li>
                <li
                  class="mx_KeyboardShortcut_shortcutRow"
                >
                  <span
                    class="mx_KeyboardShortcut_shortcutLabel"
                  >
                    Expand room list section
                  </span>
                  <div
                    class="mx_KeyboardShortcut_shortcutControls"
                  >
                    <div
                      aria-label="Click to change shortcut"
                      class="mx_AccessibleButton mx_KeyboardShortcut_editTrigger mx_AccessibleButton_hasKind mx_AccessibleButton_kind_link_inline"
                      role="button"
                      tabindex="0"
                    >
                      <div
                        class="mx_KeyboardShortcut"
                      >
                        <kbd>
                           
                          →
                           
                        </kbd>
                      </div>
                    </div>
                    <div
                      aria-label="Remove this shortcut"
                      class="mx_AccessibleButton mx_KeyboardShortcut_clearButton mx_AccessibleButton_hasKind mx_AccessibleButton_kind_icon"
                      role="button"
                      tabindex="0"
                    >
                      ✕
                    </div>
                  </div>
                </li>
                <li
                  class="mx_KeyboardShortcut_shortcutRow"
                >
                  <span
                    class="mx_KeyboardShortcut_shortcutLabel"
                  >
                    Navigate down in the room list
                  </span>
                  <div
                    class="mx_KeyboardShortcut_shortcutControls"
                  >
                    <div
                      aria-label="Click to change shortcut"
                      class="mx_AccessibleButton mx_KeyboardShortcut_editTrigger mx_AccessibleButton_hasKind mx_AccessibleButton_kind_link_inline"
                      role="button"
                      tabindex="0"
                    >
                      <div
                        class="mx_KeyboardShortcut"
                      >
                        <kbd>
                           
                          ↓
                           
                        </kbd>
                      </div>
                    </div>
                    <div
                      aria-label="Remove this shortcut"
                      class="mx_AccessibleButton mx_KeyboardShortcut_clearButton mx_AccessibleButton_hasKind mx_AccessibleButton_kind_icon"
                      role="button"
                      tabindex="0"
                    >
                      ✕
                    </div>
                  </div>
                </li>
                <li
                  class="mx_KeyboardShortcut_shortcutRow"
                >
                  <span
                    class="mx_KeyboardShortcut_shortcutLabel"
                  >
                    Navigate up in the room list
                  </span>
                  <div
                    class="mx_KeyboardShortcut_shortcutControls"
                  >
                    <div
                      aria-label="Click to change shortcut"
                      class="mx_AccessibleButton mx_KeyboardShortcut_editTrigger mx_AccessibleButton_hasKind mx_AccessibleButton_kind_link_inline"
                      role="button"
                      tabindex="0"
                    >
                      <div
                        class="mx_KeyboardShortcut"
                      >
                        <kbd>
                           
                          ↑
                           
                        </kbd>
                      </div>
                    </div>
                    <div
                      aria-label="Remove this shortcut"
                      class="mx_AccessibleButton mx_KeyboardShortcut_clearButton mx_AccessibleButton_hasKind mx_AccessibleButton_kind_icon"
                      role="button"
                      tabindex="0"
                    >
                      ✕
                    </div>
                  </div>
                </li>
              </ul>
            </div>
          </div>
          <div
            class="mx_SettingsSubsection"
          >
            <div
              class="mx_SettingsSubsectionHeading"
            >
              <h2
                class="mx_Heading_h4 mx_SettingsSubsectionHeading_heading"
              >
                Accessibility
              </h2>
            </div>
            <div
              class="mx_SettingsSubsection_content"
            >
              <ul
                class="mx_KeyboardShortcut_shortcutList"
              >
                <li
                  class="mx_KeyboardShortcut_shortcutRow"
                >
                  <span
                    class="mx_KeyboardShortcut_shortcutLabel"
                  >
                    Close dialog or context menu
                  </span>
                  <div
                    class="mx_KeyboardShortcut_shortcutControls"
                  >
                    <div
                      aria-label="Click to change shortcut"
                      class="mx_AccessibleButton mx_KeyboardShortcut_editTrigger mx_AccessibleButton_hasKind mx_AccessibleButton_kind_link_inline"
                      role="button"
                      tabindex="0"
                    >
                      <div
                        class="mx_KeyboardShortcut"
                      >
                        <kbd>
                           
                          Esc
                           
                        </kbd>
                      </div>
                    </div>
                    <div
                      aria-label="Remove this shortcut"
                      class="mx_AccessibleButton mx_KeyboardShortcut_clearButton mx_AccessibleButton_hasKind mx_AccessibleButton_kind_icon"
                      role="button"
                      tabindex="0"
                    >
                      ✕
                    </div>
                  </div>
                </li>
                <li
                  class="mx_KeyboardShortcut_shortcutRow"
                >
                  <span
                    class="mx_KeyboardShortcut_shortcutLabel"
                  >
                    Activate selected button
                  </span>
                  <div
                    class="mx_KeyboardShortcut_shortcutControls"
                  >
                    <div
                      aria-label="Click to change shortcut"
                      class="mx_AccessibleButton mx_KeyboardShortcut_editTrigger mx_AccessibleButton_hasKind mx_AccessibleButton_kind_link_inline"
                      role="button"
                      tabindex="0"
                    >
                      <div
                        class="mx_KeyboardShortcut"
                      >
                        <kbd>
                           
                          Enter
                           
                        </kbd>
                      </div>
                    </div>
                    <div
                      aria-label="Remove this shortcut"
                      class="mx_AccessibleButton mx_KeyboardShortcut_clearButton mx_AccessibleButton_hasKind mx_AccessibleButton_kind_icon"
                      role="button"
                      tabindex="0"
                    >
                      ✕
                    </div>
                  </div>
                </li>
                <li
                  class="mx_KeyboardShortcut_shortcutRow"
                >
                  <span
                    class="mx_KeyboardShortcut_shortcutLabel"
                  >
                    Save
                  </span>
                  <div
                    class="mx_KeyboardShortcut_shortcutControls"
                  >
                    <div
                      aria-label="Click to change shortcut"
                      class="mx_AccessibleButton mx_KeyboardShortcut_editTrigger mx_AccessibleButton_hasKind mx_AccessibleButton_kind_link_inline"
                      role="button"
                      tabindex="0"
                    >
                      <div
                        class="mx_KeyboardShortcut"
                      >
                        <kbd>
                           
                          Ctrl
                           
                        </kbd>
                        +
                        <kbd>
                           
                          s
                           
                        </kbd>
                      </div>
                    </div>
                    <div
                      aria-label="Remove this shortcut"
                      class="mx_AccessibleButton mx_KeyboardShortcut_clearButton mx_AccessibleButton_hasKind mx_AccessibleButton_kind_icon"
                      role="button"
                      tabindex="0"
                    >
                      ✕
                    </div>
                  </div>
                </li>
              </ul>
            </div>
          </div>
          <div
            class="mx_SettingsSubsection"
          >
            <div
              class="mx_SettingsSubsectionHeading"
            >
              <h2
                class="mx_Heading_h4 mx_SettingsSubsectionHeading_heading"
              >
                Navigation
              </h2>
            </div>
            <div
              class="mx_SettingsSubsection_content"
            >
              <ul
                class="mx_KeyboardShortcut_shortcutList"
              >
                <li
                  class="mx_KeyboardShortcut_shortcutRow"
                >
                  <span
                    class="mx_KeyboardShortcut_shortcutLabel"
                  >
                    Toggle the top left menu
                  </span>
                  <div
                    class="mx_KeyboardShortcut_shortcutControls"
                  >
                    <div
                      aria-label="Click to change shortcut"
                      class="mx_AccessibleButton mx_KeyboardShortcut_editTrigger mx_AccessibleButton_hasKind mx_AccessibleButton_kind_link_inline"
                      role="button"
                      tabindex="0"
                    >
                      <div
                        class="mx_KeyboardShortcut"
                      >
                        <kbd>
                           
                          Ctrl
                           
                        </kbd>
                        +
                        <kbd>
                           
                          \`
                           
                        </kbd>
                      </div>
                    </div>
                    <div
                      aria-label="Remove this shortcut"
                      class="mx_AccessibleButton mx_KeyboardShortcut_clearButton mx_AccessibleButton_hasKind mx_AccessibleButton_kind_icon"
                      role="button"
                      tabindex="0"
                    >
                      ✕
                    </div>
                  </div>
                </li>
                <li
                  class="mx_KeyboardShortcut_shortcutRow"
                >
                  <span
                    class="mx_KeyboardShortcut_shortcutLabel"
                  >
                    Toggle right panel
                  </span>
                  <div
                    class="mx_KeyboardShortcut_shortcutControls"
                  >
                    <div
                      aria-label="Click to change shortcut"
                      class="mx_AccessibleButton mx_KeyboardShortcut_editTrigger mx_AccessibleButton_hasKind mx_AccessibleButton_kind_link_inline"
                      role="button"
                      tabindex="0"
                    >
                      <div
                        class="mx_KeyboardShortcut"
                      >
                        <kbd>
                           
                          Ctrl
                           
                        </kbd>
                        +
                        <kbd>
                           
                          .
                           
                        </kbd>
                      </div>
                    </div>
                    <div
                      aria-label="Remove this shortcut"
                      class="mx_AccessibleButton mx_KeyboardShortcut_clearButton mx_AccessibleButton_hasKind mx_AccessibleButton_kind_icon"
                      role="button"
                      tabindex="0"
                    >
                      ✕
                    </div>
                  </div>
                </li>
                <li
                  class="mx_KeyboardShortcut_shortcutRow"
                >
                  <span
                    class="mx_KeyboardShortcut_shortcutLabel"
                  >
                    Toggle space panel
                  </span>
                  <div
                    class="mx_KeyboardShortcut_shortcutControls"
                  >
                    <div
                      aria-label="Click to change shortcut"
                      class="mx_AccessibleButton mx_KeyboardShortcut_editTrigger mx_AccessibleButton_hasKind mx_AccessibleButton_kind_link_inline"
                      role="button"
                      tabindex="0"
                    >
                      <div
                        class="mx_KeyboardShortcut"
                      >
                        <kbd>
                           
                          Ctrl
                           
                        </kbd>
                        +
                        <kbd>
                           
                          Shift
                           
                        </kbd>
                        +
                        <kbd>
                           
                          d
                           
                        </kbd>
                      </div>
                    </div>
                    <div
                      aria-label="Remove this shortcut"
                      class="mx_AccessibleButton mx_KeyboardShortcut_clearButton mx_AccessibleButton_hasKind mx_AccessibleButton_kind_icon"
                      role="button"
                      tabindex="0"
                    >
                      ✕
                    </div>
                  </div>
                </li>
                <li
                  class="mx_KeyboardShortcut_shortcutRow"
                >
                  <span
                    class="mx_KeyboardShortcut_shortcutLabel"
                  >
                    Open this settings tab
                  </span>
                  <div
                    class="mx_KeyboardShortcut_shortcutControls"
                  >
                    <div
                      aria-label="Click to change shortcut"
                      class="mx_AccessibleButton mx_KeyboardShortcut_editTrigger mx_AccessibleButton_hasKind mx_AccessibleButton_kind_link_inline"
                      role="button"
                      tabindex="0"
                    >
                      <div
                        class="mx_KeyboardShortcut"
                      >
                        <kbd>
                           
                          Ctrl
                           
                        </kbd>
                        +
                        <kbd>
                           
                          /
                           
                        </kbd>
                      </div>
                    </div>
                    <div
                      aria-label="Remove this shortcut"
                      class="mx_AccessibleButton mx_KeyboardShortcut_clearButton mx_AccessibleButton_hasKind mx_AccessibleButton_kind_icon"
                      role="button"
                      tabindex="0"
                    >
                      ✕
                    </div>
                  </div>
                </li>
                <li
                  class="mx_KeyboardShortcut_shortcutRow"
                >
                  <span
                    class="mx_KeyboardShortcut_shortcutLabel"
                  >
                    Go to Home View
                  </span>
                  <div
                    class="mx_KeyboardShortcut_shortcutControls"
                  >
                    <div
                      aria-label="Click to change shortcut"
                      class="mx_AccessibleButton mx_KeyboardShortcut_editTrigger mx_AccessibleButton_hasKind mx_AccessibleButton_kind_link_inline"
                      role="button"
                      tabindex="0"
                    >
                      <div
                        class="mx_KeyboardShortcut"
                      >
                        <kbd>
                           
                          Ctrl
                           
                        </kbd>
                        +
                        <kbd>
                           
                          Alt
                           
                        </kbd>
                        +
                        <kbd>
                           
                          h
                           
                        </kbd>
                      </div>
                    </div>
                    <div
                      aria-label="Remove this shortcut"
                      class="mx_AccessibleButton mx_KeyboardShortcut_clearButton mx_AccessibleButton_hasKind mx_AccessibleButton_kind_icon"
                      role="button"
                      tabindex="0"
                    >
                      ✕
                    </div>
                  </div>
                </li>
                <li
                  class="mx_KeyboardShortcut_shortcutRow"
                >
                  <span
                    class="mx_KeyboardShortcut_shortcutLabel"
                  >
                    Jump to room search
                  </span>
                  <div
                    class="mx_KeyboardShortcut_shortcutControls"
                  >
                    <div
                      aria-label="Click to change shortcut"
                      class="mx_AccessibleButton mx_KeyboardShortcut_editTrigger mx_AccessibleButton_hasKind mx_AccessibleButton_kind_link_inline"
                      role="button"
                      tabindex="0"
                    >
                      <div
                        class="mx_KeyboardShortcut"
                      >
                        <kbd>
                           
                          Ctrl
                           
                        </kbd>
                        +
                        <kbd>
                           
                          k
                           
                        </kbd>
                      </div>
                    </div>
                    <div
                      aria-label="Remove this shortcut"
                      class="mx_AccessibleButton mx_KeyboardShortcut_clearButton mx_AccessibleButton_hasKind mx_AccessibleButton_kind_icon"
                      role="button"
                      tabindex="0"
                    >
                      ✕
                    </div>
                  </div>
                </li>
                <li
                  class="mx_KeyboardShortcut_shortcutRow"
                >
                  <span
                    class="mx_KeyboardShortcut_shortcutLabel"
                  >
                    Next unread room or DM
                  </span>
                  <div
                    class="mx_KeyboardShortcut_shortcutControls"
                  >
                    <div
                      aria-label="Click to change shortcut"
                      class="mx_AccessibleButton mx_KeyboardShortcut_editTrigger mx_AccessibleButton_hasKind mx_AccessibleButton_kind_link_inline"
                      role="button"
                      tabindex="0"
                    >
                      <div
                        class="mx_KeyboardShortcut"
                      >
                        <kbd>
                           
                          Alt
                           
                        </kbd>
                        +
                        <kbd>
                           
                          Shift
                           
                        </kbd>
                        +
                        <kbd>
                           
                          ↓
                           
                        </kbd>
                      </div>
                    </div>
                    <div
                      aria-label="Remove this shortcut"
                      class="mx_AccessibleButton mx_KeyboardShortcut_clearButton mx_AccessibleButton_hasKind mx_AccessibleButton_kind_icon"
                      role="button"
                      tabindex="0"
                    >
                      ✕
                    </div>
                  </div>
                </li>
                <li
                  class="mx_KeyboardShortcut_shortcutRow"
                >
                  <span
                    class="mx_KeyboardShortcut_shortcutLabel"
                  >
                    Previous unread room or DM
                  </span>
                  <div
                    class="mx_KeyboardShortcut_shortcutControls"
                  >
                    <div
                      aria-label="Click to change shortcut"
                      class="mx_AccessibleButton mx_KeyboardShortcut_editTrigger mx_AccessibleButton_hasKind mx_AccessibleButton_kind_link_inline"
                      role="button"
                      tabindex="0"
                    >
                      <div
                        class="mx_KeyboardShortcut"
                      >
                        <kbd>
                           
                          Alt
                           
                        </kbd>
                        +
                        <kbd>
                           
                          Shift
                           
                        </kbd>
                        +
                        <kbd>
                           
                          ↑
                           
                        </kbd>
                      </div>
                    </div>
                    <div
                      aria-label="Remove this shortcut"
                      class="mx_AccessibleButton mx_KeyboardShortcut_clearButton mx_AccessibleButton_hasKind mx_AccessibleButton_kind_icon"
                      role="button"
                      tabindex="0"
                    >
                      ✕
                    </div>
                  </div>
                </li>
                <li
                  class="mx_KeyboardShortcut_shortcutRow"
                >
                  <span
                    class="mx_KeyboardShortcut_shortcutLabel"
                  >
                    Next room or DM
                  </span>
                  <div
                    class="mx_KeyboardShortcut_shortcutControls"
                  >
                    <div
                      aria-label="Click to change shortcut"
                      class="mx_AccessibleButton mx_KeyboardShortcut_editTrigger mx_AccessibleButton_hasKind mx_AccessibleButton_kind_link_inline"
                      role="button"
                      tabindex="0"
                    >
                      <div
                        class="mx_KeyboardShortcut"
                      >
                        <kbd>
                           
                          Alt
                           
                        </kbd>
                        +
                        <kbd>
                           
                          ↓
                           
                        </kbd>
                      </div>
                    </div>
                    <div
                      aria-label="Remove this shortcut"
                      class="mx_AccessibleButton mx_KeyboardShortcut_clearButton mx_AccessibleButton_hasKind mx_AccessibleButton_kind_icon"
                      role="button"
                      tabindex="0"
                    >
                      ✕
                    </div>
                  </div>
                </li>
                <li
                  class="mx_KeyboardShortcut_shortcutRow"
                >
                  <span
                    class="mx_KeyboardShortcut_shortcutLabel"
                  >
                    Previous room or DM
                  </span>
                  <div
                    class="mx_KeyboardShortcut_shortcutControls"
                  >
                    <div
                      aria-label="Click to change shortcut"
                      class="mx_AccessibleButton mx_KeyboardShortcut_editTrigger mx_AccessibleButton_hasKind mx_AccessibleButton_kind_link_inline"
                      role="button"
                      tabindex="0"
                    >
                      <div
                        class="mx_KeyboardShortcut"
                      >
                        <kbd>
                           
                          Alt
                           
                        </kbd>
                        +
                        <kbd>
                           
                          ↑
                           
                        </kbd>
                      </div>
                    </div>
                    <div
                      aria-label="Remove this shortcut"
                      class="mx_AccessibleButton mx_KeyboardShortcut_clearButton mx_AccessibleButton_hasKind mx_AccessibleButton_kind_icon"
                      role="button"
                      tabindex="0"
                    >
                      ✕
                    </div>
                  </div>
                </li>
                <li
                  class="mx_KeyboardShortcut_shortcutRow"
                >
                  <span
                    class="mx_KeyboardShortcut_shortcutLabel"
                  >
                    Go to next landmark
                  </span>
                  <div
                    class="mx_KeyboardShortcut_shortcutControls"
                  >
                    <div
                      aria-label="Click to change shortcut"
                      class="mx_AccessibleButton mx_KeyboardShortcut_editTrigger mx_AccessibleButton_hasKind mx_AccessibleButton_kind_link_inline"
                      role="button"
                      tabindex="0"
                    >
                      <div
                        class="mx_KeyboardShortcut"
                      >
                        <kbd>
                           
                          Ctrl
                           
                        </kbd>
                        +
                        <kbd>
                           
                          F6
                           
                        </kbd>
                      </div>
                    </div>
                    <div
                      aria-label="Remove this shortcut"
                      class="mx_AccessibleButton mx_KeyboardShortcut_clearButton mx_AccessibleButton_hasKind mx_AccessibleButton_kind_icon"
                      role="button"
                      tabindex="0"
                    >
                      ✕
                    </div>
                  </div>
                </li>
                <li
                  class="mx_KeyboardShortcut_shortcutRow"
                >
                  <span
                    class="mx_KeyboardShortcut_shortcutLabel"
                  >
                    Go to previous landmark
                  </span>
                  <div
                    class="mx_KeyboardShortcut_shortcutControls"
                  >
                    <div
                      aria-label="Click to change shortcut"
                      class="mx_AccessibleButton mx_KeyboardShortcut_editTrigger mx_AccessibleButton_hasKind mx_AccessibleButton_kind_link_inline"
                      role="button"
                      tabindex="0"
                    >
                      <div
                        class="mx_KeyboardShortcut"
                      >
                        <kbd>
                           
                          Ctrl
                           
                        </kbd>
                        +
                        <kbd>
                           
                          Shift
                           
                        </kbd>
                        +
                        <kbd>
                           
                          F6
                           
                        </kbd>
                      </div>
                    </div>
                    <div
                      aria-label="Remove this shortcut"
                      class="mx_AccessibleButton mx_KeyboardShortcut_clearButton mx_AccessibleButton_hasKind mx_AccessibleButton_kind_icon"
                      role="button"
                      tabindex="0"
                    >
                      ✕
                    </div>
                  </div>
                </li>
              </ul>
            </div>
          </div>
          <div
            class="mx_SettingsSubsection"
          >
            <div
              class="mx_SettingsSubsectionHeading"
            >
              <h2
                class="mx_Heading_h4 mx_SettingsSubsectionHeading_heading"
              >
                Autocomplete
              </h2>
            </div>
            <div
              class="mx_SettingsSubsection_content"
            >
              <ul
                class="mx_KeyboardShortcut_shortcutList"
              >
                <li
                  class="mx_KeyboardShortcut_shortcutRow"
                >
                  <span
                    class="mx_KeyboardShortcut_shortcutLabel"
                  >
                    Cancel autocomplete
                  </span>
                  <div
                    class="mx_KeyboardShortcut_shortcutControls"
                  >
                    <div
                      aria-label="Click to change shortcut"
                      class="mx_AccessibleButton mx_KeyboardShortcut_editTrigger mx_AccessibleButton_hasKind mx_AccessibleButton_kind_link_inline"
                      role="button"
                      tabindex="0"
                    >
                      <div
                        class="mx_KeyboardShortcut"
                      >
                        <kbd>
                           
                          Esc
                           
                        </kbd>
                      </div>
                    </div>
                    <div
                      aria-label="Remove this shortcut"
                      class="mx_AccessibleButton mx_KeyboardShortcut_clearButton mx_AccessibleButton_hasKind mx_AccessibleButton_kind_icon"
                      role="button"
                      tabindex="0"
                    >
                      ✕
                    </div>
                  </div>
                </li>
                <li
                  class="mx_KeyboardShortcut_shortcutRow"
                >
                  <span
                    class="mx_KeyboardShortcut_shortcutLabel"
                  >
                    Next autocomplete suggestion
                  </span>
                  <div
                    class="mx_KeyboardShortcut_shortcutControls"
                  >
                    <div
                      aria-label="Click to change shortcut"
                      class="mx_AccessibleButton mx_KeyboardShortcut_editTrigger mx_AccessibleButton_hasKind mx_AccessibleButton_kind_link_inline"
                      role="button"
                      tabindex="0"
                    >
                      <div
                        class="mx_KeyboardShortcut"
                      >
                        <kbd>
                           
                          ↓
                           
                        </kbd>
                      </div>
                    </div>
                    <div
                      aria-label="Remove this shortcut"
                      class="mx_AccessibleButton mx_KeyboardShortcut_clearButton mx_AccessibleButton_hasKind mx_AccessibleButton_kind_icon"
                      role="button"
                      tabindex="0"
                    >
                      ✕
                    </div>
                  </div>
                </li>
                <li
                  class="mx_KeyboardShortcut_shortcutRow"
                >
                  <span
                    class="mx_KeyboardShortcut_shortcutLabel"
                  >
                    Previous autocomplete suggestion
                  </span>
                  <div
                    class="mx_KeyboardShortcut_shortcutControls"
                  >
                    <div
                      aria-label="Click to change shortcut"
                      class="mx_AccessibleButton mx_KeyboardShortcut_editTrigger mx_AccessibleButton_hasKind mx_AccessibleButton_kind_link_inline"
                      role="button"
                      tabindex="0"
                    >
                      <div
                        class="mx_KeyboardShortcut"
                      >
                        <kbd>
                           
                          ↑
                           
                        </kbd>
                      </div>
                    </div>
                    <div
                      aria-label="Remove this shortcut"
                      class="mx_AccessibleButton mx_KeyboardShortcut_clearButton mx_AccessibleButton_hasKind mx_AccessibleButton_kind_icon"
                      role="button"
                      tabindex="0"
                    >
                      ✕
                    </div>
                  </div>
                </li>
                <li
                  class="mx_KeyboardShortcut_shortcutRow"
                >
                  Complete
                  <div
                    class="mx_KeyboardShortcut"
                  >
                    <kbd>
                       
                      Enter
                       
                    </kbd>
                  </div>
                </li>
                <li
                  class="mx_KeyboardShortcut_shortcutRow"
                >
                  Force complete
                  <div
                    class="mx_KeyboardShortcut"
                  >
                    <kbd>
                       
                      Tab
                       
                    </kbd>
                  </div>
                </li>
              </ul>
            </div>
          </div>
        </div>
      </div>
    </div>
  </div>
</div>
`;
